This is XeTeX, Version 3.141592653-2.6-0.999997 (TeX Live 2025) (preloaded format=xelatex 2025.9.29)  30 SEP 2025 16:47
entering extended mode
 restricted \write18 enabled.
 %&-line parsing enabled.
**analysis.tex
(./analysis.tex
LaTeX2e <2025-06-01> patch level 1
L3 programming layer <2025-09-02>
(/Users/dahlke2/Library/TinyTeX/texmf-dist/tex/latex/base/article.cls
Document Class: article 2025/01/22 v1.4n Standard LaTeX document class
(/Users/dahlke2/Library/TinyTeX/texmf-dist/tex/latex/base/size10.clo
File: size10.clo 2025/01/22 v1.4n Standard LaTeX file (size option)
)
\c@part=\count271
\c@section=\count272
\c@subsection=\count273
\c@subsubsection=\count274
\c@paragraph=\count275
\c@subparagraph=\count276
\c@figure=\count277
\c@table=\count278
\abovecaptionskip=\skip49
\belowcaptionskip=\skip50
\bibindent=\dimen148
) (/Users/dahlke2/Library/TinyTeX/texmf-dist/tex/latex/xcolor/xcolor.sty
Package: xcolor 2024/09/29 v3.02 LaTeX color extensions (UK)
(/Users/dahlke2/Library/TinyTeX/texmf-dist/tex/latex/graphics-cfg/color.cfg
File: color.cfg 2016/01/02 v1.6 sample color configuration
)
Package xcolor Info: Driver file: xetex.def on input line 274.
(/Users/dahlke2/Library/TinyTeX/texmf-dist/tex/latex/graphics-def/xetex.def
File: xetex.def 2022/09/22 v5.0n Graphics/color driver for xetex
) (/Users/dahlke2/Library/TinyTeX/texmf-dist/tex/latex/graphics/mathcolor.ltx)
Package xcolor Info: Model `cmy' substituted by `cmy0' on input line 1349.
Package xcolor Info: Model `RGB' extended on input line 1365.
Package xcolor Info: Model `HTML' substituted by `rgb' on input line 1367.
Package xcolor Info: Model `Hsb' substituted by `hsb' on input line 1368.
Package xcolor Info: Model `tHsb' substituted by `hsb' on input line 1369.
Package xcolor Info: Model `HSB' substituted by `hsb' on input line 1370.
Package xcolor Info: Model `Gray' substituted by `gray' on input line 1371.
Package xcolor Info: Model `wave' substituted by `hsb' on input line 1372.
) (/Users/dahlke2/Library/TinyTeX/texmf-dist/tex/latex/geometry/geometry.sty
Package: geometry 2020/01/02 v5.9 Page Geometry
(/Users/dahlke2/Library/TinyTeX/texmf-dist/tex/latex/graphics/keyval.sty
Package: keyval 2022/05/29 v1.15 key=value parser (DPC)
\KV@toks@=\toks17
) (/Users/dahlke2/Library/TinyTeX/texmf-dist/tex/generic/iftex/ifvtex.sty
Package: ifvtex 2019/10/25 v1.7 ifvtex legacy package. Use iftex instead.
(/Users/dahlke2/Library/TinyTeX/texmf-dist/tex/generic/iftex/iftex.sty
Package: iftex 2024/12/12 v1.0g TeX engine tests
))
\Gm@cnth=\count279
\Gm@cntv=\count280
\c@Gm@tempcnt=\count281
\Gm@bindingoffset=\dimen149
\Gm@wd@mp=\dimen150
\Gm@odd@mp=\dimen151
\Gm@even@mp=\dimen152
\Gm@layoutwidth=\dimen153
\Gm@layoutheight=\dimen154
\Gm@layouthoffset=\dimen155
\Gm@layoutvoffset=\dimen156
\Gm@dimlist=\toks18
) (/Users/dahlke2/Library/TinyTeX/texmf-dist/tex/latex/amsmath/amsmath.sty
Package: amsmath 2025/06/16 v2.17y AMS math features
\@mathmargin=\skip51
For additional information on amsmath, use the `?' option.
(/Users/dahlke2/Library/TinyTeX/texmf-dist/tex/latex/amsmath/amstext.sty
Package: amstext 2024/11/17 v2.01 AMS text
(/Users/dahlke2/Library/TinyTeX/texmf-dist/tex/latex/amsmath/amsgen.sty
File: amsgen.sty 1999/11/30 v2.0 generic functions
\@emptytoks=\toks19
\ex@=\dimen157
)) (/Users/dahlke2/Library/TinyTeX/texmf-dist/tex/latex/amsmath/amsbsy.sty
Package: amsbsy 1999/11/29 v1.2d Bold Symbols
\pmbraise@=\dimen158
) (/Users/dahlke2/Library/TinyTeX/texmf-dist/tex/latex/amsmath/amsopn.sty
Package: amsopn 2022/04/08 v2.04 operator names
)
\inf@bad=\count282
LaTeX Info: Redefining \frac on input line 233.
\uproot@=\count283
\leftroot@=\count284
LaTeX Info: Redefining \overline on input line 398.
LaTeX Info: Redefining \colon on input line 409.
\classnum@=\count285
\DOTSCASE@=\count286
LaTeX Info: Redefining \ldots on input line 495.
LaTeX Info: Redefining \dots on input line 498.
LaTeX Info: Redefining \cdots on input line 619.
\Mathstrutbox@=\box53
\strutbox@=\box54
LaTeX Info: Redefining \big on input line 721.
LaTeX Info: Redefining \Big on input line 722.
LaTeX Info: Redefining \bigg on input line 723.
LaTeX Info: Redefining \Bigg on input line 724.
\big@size=\dimen159
LaTeX Font Info:    Redeclaring font encoding OML on input line 742.
LaTeX Font Info:    Redeclaring font encoding OMS on input line 743.
\macc@depth=\count287
LaTeX Info: Redefining \bmod on input line 904.
LaTeX Info: Redefining \pmod on input line 909.
LaTeX Info: Redefining \smash on input line 939.
LaTeX Info: Redefining \relbar on input line 969.
LaTeX Info: Redefining \Relbar on input line 970.
\c@MaxMatrixCols=\count288
\dotsspace@=\muskip17
\c@parentequation=\count289
\dspbrk@lvl=\count290
\tag@help=\toks20
\row@=\count291
\column@=\count292
\maxfields@=\count293
\andhelp@=\toks21
\eqnshift@=\dimen160
\alignsep@=\dimen161
\tagshift@=\dimen162
\tagwidth@=\dimen163
\totwidth@=\dimen164
\lineht@=\dimen165
\@envbody=\toks22
\multlinegap=\skip52
\multlinetaggap=\skip53
\mathdisplay@stack=\toks23
LaTeX Info: Redefining \[ on input line 2949.
LaTeX Info: Redefining \] on input line 2950.
) (/Users/dahlke2/Library/TinyTeX/texmf-dist/tex/latex/amsfonts/amssymb.sty
Package: amssymb 2013/01/14 v3.01 AMS font symbols
(/Users/dahlke2/Library/TinyTeX/texmf-dist/tex/latex/amsfonts/amsfonts.sty
Package: amsfonts 2013/01/14 v3.01 Basic AMSFonts support
\symAMSa=\mathgroup4
\symAMSb=\mathgroup5
LaTeX Font Info:    Redeclaring math symbol \hbar on input line 98.
LaTeX Font Info:    Overwriting math alphabet `\mathfrak' in version `bold'
(Font)                  U/euf/m/n --> U/euf/b/n on input line 106.
)) (/Users/dahlke2/Library/TinyTeX/texmf-dist/tex/latex/unicode-math/unicode-math.sty (/Users/dahlke2/Library/TinyTeX/texmf-dist/tex/latex/l3kernel/expl3.sty
Package: expl3 2025-09-02 L3 programming layer (loader) 
(/Users/dahlke2/Library/TinyTeX/texmf-dist/tex/latex/l3backend/l3backend-xetex.def
File: l3backend-xetex.def 2025-06-09 L3 backend support: XeTeX
\g__graphics_track_int=\count294
\g__pdfannot_backend_int=\count295
\g__pdfannot_backend_link_int=\count296
))
Package: unicode-math 2023/08/13 v0.8r Unicode maths in XeLaTeX and LuaLaTeX
(/Users/dahlke2/Library/TinyTeX/texmf-dist/tex/latex/unicode-math/unicode-math-xetex.sty
Package: unicode-math-xetex 2023/08/13 v0.8r Unicode maths in XeLaTeX and LuaLaTeX
(/Users/dahlke2/Library/TinyTeX/texmf-dist/tex/latex/l3packages/xparse/xparse.sty
Package: xparse 2024-08-16 L3 Experimental document command parser
) (/Users/dahlke2/Library/TinyTeX/texmf-dist/tex/latex/l3packages/l3keys2e/l3keys2e.sty
Package: l3keys2e 2024-08-16 LaTeX2e option processing using LaTeX3 keys
) (/Users/dahlke2/Library/TinyTeX/texmf-dist/tex/latex/fontspec/fontspec.sty
Package: fontspec 2024/05/11 v2.9e Font selection for XeLaTeX and LuaLaTeX
(/Users/dahlke2/Library/TinyTeX/texmf-dist/tex/latex/fontspec/fontspec-xetex.sty
Package: fontspec-xetex 2024/05/11 v2.9e Font selection for XeLaTeX and LuaLaTeX
\l__fontspec_script_int=\count297
\l__fontspec_language_int=\count298
\l__fontspec_strnum_int=\count299
\l__fontspec_tmp_int=\count300
\l__fontspec_tmpa_int=\count301
\l__fontspec_tmpb_int=\count302
\l__fontspec_tmpc_int=\count303
\l__fontspec_em_int=\count304
\l__fontspec_emdef_int=\count305
\l__fontspec_strong_int=\count306
\l__fontspec_strongdef_int=\count307
\l__fontspec_tmpa_dim=\dimen166
\l__fontspec_tmpb_dim=\dimen167
\l__fontspec_tmpc_dim=\dimen168
(/Users/dahlke2/Library/TinyTeX/texmf-dist/tex/latex/base/fontenc.sty
Package: fontenc 2024/12/21 v2.1c Standard LaTeX package
) (/Users/dahlke2/Library/TinyTeX/texmf-dist/tex/latex/fontspec/fontspec.cfg))) (/Users/dahlke2/Library/TinyTeX/texmf-dist/tex/latex/base/fix-cm.sty
Package: fix-cm 2020/11/24 v1.1t fixes to LaTeX
(/Users/dahlke2/Library/TinyTeX/texmf-dist/tex/latex/base/ts1enc.def
File: ts1enc.def 2001/06/05 v3.0e (jk/car/fm) Standard LaTeX file
LaTeX Font Info:    Redeclaring font encoding TS1 on input line 47.
LaTeX Encoding Info:    Redeclaring text command \capitalcedilla (encoding TS1) on input line 49.
LaTeX Encoding Info:    Redeclaring text command \capitalogonek (encoding TS1) on input line 52.
LaTeX Encoding Info:    Redeclaring text command \capitalgrave (encoding TS1) on input line 55.
LaTeX Encoding Info:    Redeclaring text command \capitalacute (encoding TS1) on input line 56.
LaTeX Encoding Info:    Redeclaring text command \capitalcircumflex (encoding TS1) on input line 57.
LaTeX Encoding Info:    Redeclaring text command \capitaltilde (encoding TS1) on input line 58.
LaTeX Encoding Info:    Redeclaring text command \capitaldieresis (encoding TS1) on input line 59.
LaTeX Encoding Info:    Redeclaring text command \capitalhungarumlaut (encoding TS1) on input line 60.
LaTeX Encoding Info:    Redeclaring text command \capitalring (encoding TS1) on input line 61.
LaTeX Encoding Info:    Redeclaring text command \capitalcaron (encoding TS1) on input line 62.
LaTeX Encoding Info:    Redeclaring text command \capitalbreve (encoding TS1) on input line 63.
LaTeX Encoding Info:    Redeclaring text command \capitalmacron (encoding TS1) on input line 64.
LaTeX Encoding Info:    Redeclaring text command \capitaldotaccent (encoding TS1) on input line 65.
LaTeX Encoding Info:    Redeclaring text command \t (encoding TS1) on input line 66.
LaTeX Encoding Info:    Redeclaring text command \capitaltie (encoding TS1) on input line 67.
LaTeX Encoding Info:    Redeclaring text command \newtie (encoding TS1) on input line 68.
LaTeX Encoding Info:    Redeclaring text command \capitalnewtie (encoding TS1) on input line 69.
LaTeX Encoding Info:    Redeclaring text symbol \textcapitalcompwordmark (encoding TS1) on input line 70.
LaTeX Encoding Info:    Redeclaring text symbol \textascendercompwordmark (encoding TS1) on input line 71.
LaTeX Encoding Info:    Redeclaring text symbol \textquotestraightbase (encoding TS1) on input line 72.
LaTeX Encoding Info:    Redeclaring text symbol \textquotestraightdblbase (encoding TS1) on input line 73.
LaTeX Encoding Info:    Redeclaring text symbol \texttwelveudash (encoding TS1) on input line 74.
LaTeX Encoding Info:    Redeclaring text symbol \textthreequartersemdash (encoding TS1) on input line 75.
LaTeX Encoding Info:    Redeclaring text symbol \textleftarrow (encoding TS1) on input line 76.
LaTeX Encoding Info:    Redeclaring text symbol \textrightarrow (encoding TS1) on input line 77.
LaTeX Encoding Info:    Redeclaring text symbol \textblank (encoding TS1) on input line 78.
LaTeX Encoding Info:    Redeclaring text symbol \textdollar (encoding TS1) on input line 79.
LaTeX Encoding Info:    Redeclaring text symbol \textquotesingle (encoding TS1) on input line 80.
LaTeX Encoding Info:    Redeclaring text command \textasteriskcentered (encoding TS1) on input line 81.
LaTeX Encoding Info:    Redeclaring text symbol \textdblhyphen (encoding TS1) on input line 92.
LaTeX Encoding Info:    Redeclaring text symbol \textfractionsolidus (encoding TS1) on input line 93.
LaTeX Encoding Info:    Redeclaring text symbol \textzerooldstyle (encoding TS1) on input line 94.
LaTeX Encoding Info:    Redeclaring text symbol \textoneoldstyle (encoding TS1) on input line 95.
LaTeX Encoding Info:    Redeclaring text symbol \texttwooldstyle (encoding TS1) on input line 96.
LaTeX Encoding Info:    Redeclaring text symbol \textthreeoldstyle (encoding TS1) on input line 97.
LaTeX Encoding Info:    Redeclaring text symbol \textfouroldstyle (encoding TS1) on input line 98.
LaTeX Encoding Info:    Redeclaring text symbol \textfiveoldstyle (encoding TS1) on input line 99.
LaTeX Encoding Info:    Redeclaring text symbol \textsixoldstyle (encoding TS1) on input line 100.
LaTeX Encoding Info:    Redeclaring text symbol \textsevenoldstyle (encoding TS1) on input line 101.
LaTeX Encoding Info:    Redeclaring text symbol \texteightoldstyle (encoding TS1) on input line 102.
LaTeX Encoding Info:    Redeclaring text symbol \textnineoldstyle (encoding TS1) on input line 103.
LaTeX Encoding Info:    Redeclaring text symbol \textlangle (encoding TS1) on input line 104.
LaTeX Encoding Info:    Redeclaring text symbol \textminus (encoding TS1) on input line 105.
LaTeX Encoding Info:    Redeclaring text symbol \textrangle (encoding TS1) on input line 106.
LaTeX Encoding Info:    Redeclaring text symbol \textmho (encoding TS1) on input line 107.
LaTeX Encoding Info:    Redeclaring text symbol \textbigcircle (encoding TS1) on input line 108.
LaTeX Encoding Info:    Redeclaring text command \textcircled (encoding TS1) on input line 109.
LaTeX Encoding Info:    Redeclaring text symbol \textohm (encoding TS1) on input line 115.
LaTeX Encoding Info:    Redeclaring text symbol \textlbrackdbl (encoding TS1) on input line 116.
LaTeX Encoding Info:    Redeclaring text symbol \textrbrackdbl (encoding TS1) on input line 117.
LaTeX Encoding Info:    Redeclaring text symbol \textuparrow (encoding TS1) on input line 118.
LaTeX Encoding Info:    Redeclaring text symbol \textdownarrow (encoding TS1) on input line 119.
LaTeX Encoding Info:    Redeclaring text symbol \textasciigrave (encoding TS1) on input line 120.
LaTeX Encoding Info:    Redeclaring text symbol \textborn (encoding TS1) on input line 121.
LaTeX Encoding Info:    Redeclaring text symbol \textdivorced (encoding TS1) on input line 122.
LaTeX Encoding Info:    Redeclaring text symbol \textdied (encoding TS1) on input line 123.
LaTeX Encoding Info:    Redeclaring text symbol \textleaf (encoding TS1) on input line 124.
LaTeX Encoding Info:    Redeclaring text symbol \textmarried (encoding TS1) on input line 125.
LaTeX Encoding Info:    Redeclaring text symbol \textmusicalnote (encoding TS1) on input line 126.
LaTeX Encoding Info:    Redeclaring text symbol \texttildelow (encoding TS1) on input line 127.
LaTeX Encoding Info:    Redeclaring text symbol \textdblhyphenchar (encoding TS1) on input line 128.
LaTeX Encoding Info:    Redeclaring text symbol \textasciibreve (encoding TS1) on input line 129.
LaTeX Encoding Info:    Redeclaring text symbol \textasciicaron (encoding TS1) on input line 130.
LaTeX Encoding Info:    Redeclaring text symbol \textacutedbl (encoding TS1) on input line 131.
LaTeX Encoding Info:    Redeclaring text symbol \textgravedbl (encoding TS1) on input line 132.
LaTeX Encoding Info:    Redeclaring text symbol \textdagger (encoding TS1) on input line 133.
LaTeX Encoding Info:    Redeclaring text symbol \textdaggerdbl (encoding TS1) on input line 134.
LaTeX Encoding Info:    Redeclaring text symbol \textbardbl (encoding TS1) on input line 135.
LaTeX Encoding Info:    Redeclaring text symbol \textperthousand (encoding TS1) on input line 136.
LaTeX Encoding Info:    Redeclaring text symbol \textbullet (encoding TS1) on input line 137.
LaTeX Encoding Info:    Redeclaring text symbol \textcelsius (encoding TS1) on input line 138.
LaTeX Encoding Info:    Redeclaring text symbol \textdollaroldstyle (encoding TS1) on input line 139.
LaTeX Encoding Info:    Redeclaring text symbol \textcentoldstyle (encoding TS1) on input line 140.
LaTeX Encoding Info:    Redeclaring text symbol \textflorin (encoding TS1) on input line 141.
LaTeX Encoding Info:    Redeclaring text symbol \textcolonmonetary (encoding TS1) on input line 142.
LaTeX Encoding Info:    Redeclaring text symbol \textwon (encoding TS1) on input line 143.
LaTeX Encoding Info:    Redeclaring text symbol \textnaira (encoding TS1) on input line 144.
LaTeX Encoding Info:    Redeclaring text symbol \textguarani (encoding TS1) on input line 145.
LaTeX Encoding Info:    Redeclaring text symbol \textpeso (encoding TS1) on input line 146.
LaTeX Encoding Info:    Redeclaring text symbol \textlira (encoding TS1) on input line 147.
LaTeX Encoding Info:    Redeclaring text symbol \textrecipe (encoding TS1) on input line 148.
LaTeX Encoding Info:    Redeclaring text symbol \textinterrobang (encoding TS1) on input line 149.
LaTeX Encoding Info:    Redeclaring text symbol \textinterrobangdown (encoding TS1) on input line 150.
LaTeX Encoding Info:    Redeclaring text symbol \textdong (encoding TS1) on input line 151.
LaTeX Encoding Info:    Redeclaring text symbol \texttrademark (encoding TS1) on input line 152.
LaTeX Encoding Info:    Redeclaring text symbol \textpertenthousand (encoding TS1) on input line 153.
LaTeX Encoding Info:    Redeclaring text symbol \textpilcrow (encoding TS1) on input line 154.
LaTeX Encoding Info:    Redeclaring text symbol \textbaht (encoding TS1) on input line 155.
LaTeX Encoding Info:    Redeclaring text symbol \textnumero (encoding TS1) on input line 156.
LaTeX Encoding Info:    Redeclaring text symbol \textdiscount (encoding TS1) on input line 157.
LaTeX Encoding Info:    Redeclaring text symbol \textestimated (encoding TS1) on input line 158.
LaTeX Encoding Info:    Redeclaring text symbol \textopenbullet (encoding TS1) on input line 159.
LaTeX Encoding Info:    Redeclaring text symbol \textservicemark (encoding TS1) on input line 160.
LaTeX Encoding Info:    Redeclaring text symbol \textlquill (encoding TS1) on input line 161.
LaTeX Encoding Info:    Redeclaring text symbol \textrquill (encoding TS1) on input line 162.
LaTeX Encoding Info:    Redeclaring text symbol \textcent (encoding TS1) on input line 163.
LaTeX Encoding Info:    Redeclaring text symbol \textsterling (encoding TS1) on input line 164.
LaTeX Encoding Info:    Redeclaring text symbol \textcurrency (encoding TS1) on input line 165.
LaTeX Encoding Info:    Redeclaring text symbol \textyen (encoding TS1) on input line 166.
LaTeX Encoding Info:    Redeclaring text symbol \textbrokenbar (encoding TS1) on input line 167.
LaTeX Encoding Info:    Redeclaring text symbol \textsection (encoding TS1) on input line 168.
LaTeX Encoding Info:    Redeclaring text symbol \textasciidieresis (encoding TS1) on input line 169.
LaTeX Encoding Info:    Redeclaring text symbol \textcopyright (encoding TS1) on input line 170.
LaTeX Encoding Info:    Redeclaring text symbol \textordfeminine (encoding TS1) on input line 171.
LaTeX Encoding Info:    Redeclaring text symbol \textcopyleft (encoding TS1) on input line 172.
LaTeX Encoding Info:    Redeclaring text symbol \textlnot (encoding TS1) on input line 173.
LaTeX Encoding Info:    Redeclaring text symbol \textcircledP (encoding TS1) on input line 174.
LaTeX Encoding Info:    Redeclaring text symbol \textregistered (encoding TS1) on input line 175.
LaTeX Encoding Info:    Redeclaring text symbol \textasciimacron (encoding TS1) on input line 176.
LaTeX Encoding Info:    Redeclaring text symbol \textdegree (encoding TS1) on input line 177.
LaTeX Encoding Info:    Redeclaring text symbol \textpm (encoding TS1) on input line 178.
LaTeX Encoding Info:    Redeclaring text symbol \texttwosuperior (encoding TS1) on input line 179.
LaTeX Encoding Info:    Redeclaring text symbol \textthreesuperior (encoding TS1) on input line 180.
LaTeX Encoding Info:    Redeclaring text symbol \textasciiacute (encoding TS1) on input line 181.
LaTeX Encoding Info:    Redeclaring text symbol \textmu (encoding TS1) on input line 182.
LaTeX Encoding Info:    Redeclaring text symbol \textparagraph (encoding TS1) on input line 183.
LaTeX Encoding Info:    Redeclaring text symbol \textperiodcentered (encoding TS1) on input line 184.
LaTeX Encoding Info:    Redeclaring text symbol \textreferencemark (encoding TS1) on input line 185.
LaTeX Encoding Info:    Redeclaring text symbol \textonesuperior (encoding TS1) on input line 186.
LaTeX Encoding Info:    Redeclaring text symbol \textordmasculine (encoding TS1) on input line 187.
LaTeX Encoding Info:    Redeclaring text symbol \textsurd (encoding TS1) on input line 188.
LaTeX Encoding Info:    Redeclaring text symbol \textonequarter (encoding TS1) on input line 189.
LaTeX Encoding Info:    Redeclaring text symbol \textonehalf (encoding TS1) on input line 190.
LaTeX Encoding Info:    Redeclaring text symbol \textthreequarters (encoding TS1) on input line 191.
LaTeX Encoding Info:    Redeclaring text symbol \texteuro (encoding TS1) on input line 192.
LaTeX Encoding Info:    Redeclaring text symbol \texttimes (encoding TS1) on input line 193.
LaTeX Encoding Info:    Redeclaring text symbol \textdiv (encoding TS1) on input line 194.
))
\g__um_fam_int=\count308
\g__um_fonts_used_int=\count309
\l__um_primecount_int=\count310
\g__um_primekern_muskip=\muskip18
(/Users/dahlke2/Library/TinyTeX/texmf-dist/tex/latex/unicode-math/unicode-math-table.tex))) (/Users/dahlke2/Library/TinyTeX/texmf-dist/tex/latex/lm/lmodern.sty
Package: lmodern 2015/05/01 v1.6.1 Latin Modern Fonts
LaTeX Font Info:    Overwriting symbol font `operators' in version `normal'
(Font)                  OT1/cmr/m/n --> OT1/lmr/m/n on input line 22.
LaTeX Font Info:    Overwriting symbol font `letters' in version `normal'
(Font)                  OML/cmm/m/it --> OML/lmm/m/it on input line 23.
LaTeX Font Info:    Overwriting symbol font `symbols' in version `normal'
(Font)                  OMS/cmsy/m/n --> OMS/lmsy/m/n on input line 24.
LaTeX Font Info:    Overwriting symbol font `largesymbols' in version `normal'
(Font)                  OMX/cmex/m/n --> OMX/lmex/m/n on input line 25.
LaTeX Font Info:    Overwriting symbol font `operators' in version `bold'
(Font)                  OT1/cmr/bx/n --> OT1/lmr/bx/n on input line 26.
LaTeX Font Info:    Overwriting symbol font `letters' in version `bold'
(Font)                  OML/cmm/b/it --> OML/lmm/b/it on input line 27.
LaTeX Font Info:    Overwriting symbol font `symbols' in version `bold'
(Font)                  OMS/cmsy/b/n --> OMS/lmsy/b/n on input line 28.
LaTeX Font Info:    Overwriting symbol font `largesymbols' in version `bold'
(Font)                  OMX/cmex/m/n --> OMX/lmex/m/n on input line 29.
LaTeX Font Info:    Overwriting math alphabet `\mathbf' in version `normal'
(Font)                  OT1/cmr/bx/n --> OT1/lmr/bx/n on input line 31.
LaTeX Font Info:    Overwriting math alphabet `\mathsf' in version `normal'
(Font)                  OT1/cmss/m/n --> OT1/lmss/m/n on input line 32.
LaTeX Font Info:    Overwriting math alphabet `\mathit' in version `normal'
(Font)                  OT1/cmr/m/it --> OT1/lmr/m/it on input line 33.
LaTeX Font Info:    Overwriting math alphabet `\mathtt' in version `normal'
(Font)                  OT1/cmtt/m/n --> OT1/lmtt/m/n on input line 34.
LaTeX Font Info:    Overwriting math alphabet `\mathbf' in version `bold'
(Font)                  OT1/cmr/bx/n --> OT1/lmr/bx/n on input line 35.
LaTeX Font Info:    Overwriting math alphabet `\mathsf' in version `bold'
(Font)                  OT1/cmss/bx/n --> OT1/lmss/bx/n on input line 36.
LaTeX Font Info:    Overwriting math alphabet `\mathit' in version `bold'
(Font)                  OT1/cmr/bx/it --> OT1/lmr/bx/it on input line 37.
LaTeX Font Info:    Overwriting math alphabet `\mathtt' in version `bold'
(Font)                  OT1/cmtt/m/n --> OT1/lmtt/m/n on input line 38.
) (/Users/dahlke2/Library/TinyTeX/texmf-dist/tex/latex/parskip/parskip.sty
Package: parskip 2021-03-14 v2.0h non-zero parskip adjustments
(/Users/dahlke2/Library/TinyTeX/texmf-dist/tex/latex/kvoptions/kvoptions.sty
Package: kvoptions 2022-06-15 v3.15 Key value format for package options (HO)
(/Users/dahlke2/Library/TinyTeX/texmf-dist/tex/generic/ltxcmds/ltxcmds.sty
Package: ltxcmds 2023-12-04 v1.26 LaTeX kernel commands for general use (HO)
) (/Users/dahlke2/Library/TinyTeX/texmf-dist/tex/latex/kvsetkeys/kvsetkeys.sty
Package: kvsetkeys 2022-10-05 v1.19 Key value parser (HO)
)) (/Users/dahlke2/Library/TinyTeX/texmf-dist/tex/latex/etoolbox/etoolbox.sty
Package: etoolbox 2025/02/11 v2.5l e-TeX tools for LaTeX (JAW)
\etb@tempcnta=\count311
)) (/Users/dahlke2/Library/TinyTeX/texmf-dist/tex/latex/tools/longtable.sty
Package: longtable 2024-12-18 v4.23 Multi-page Table package (DPC)
\LTleft=\skip54
\LTright=\skip55
\LTpre=\skip56
\LTpost=\skip57
\LTchunksize=\count312
\LTcapwidth=\dimen169
\LT@head=\box55
\LT@firsthead=\box56
\LT@foot=\box57
\LT@lastfoot=\box58
\LT@gbox=\box59
\LT@cols=\count313
\LT@rows=\count314
\c@LT@tables=\count315
\c@LT@chunks=\count316
\LT@p@ftn=\toks24
) (/Users/dahlke2/Library/TinyTeX/texmf-dist/tex/latex/booktabs/booktabs.sty
Package: booktabs 2020/01/12 v1.61803398 Publication quality tables
\heavyrulewidth=\dimen170
\lightrulewidth=\dimen171
\cmidrulewidth=\dimen172
\belowrulesep=\dimen173
\belowbottomsep=\dimen174
\aboverulesep=\dimen175
\abovetopsep=\dimen176
\cmidrulesep=\dimen177
\cmidrulekern=\dimen178
\defaultaddspace=\dimen179
\@cmidla=\count317
\@cmidlb=\count318
\@aboverulesep=\dimen180
\@belowrulesep=\dimen181
\@thisruleclass=\count319
\@lastruleclass=\count320
\@thisrulewidth=\dimen182
) (/Users/dahlke2/Library/TinyTeX/texmf-dist/tex/latex/tools/array.sty
Package: array 2025/06/08 v2.6j Tabular extension package (FMi)
\col@sep=\dimen183
\ar@mcellbox=\box60
\extrarowheight=\dimen184
\NC@list=\toks25
\extratabsurround=\skip58
\backup@length=\skip59
\ar@cellbox=\box61
) (/Users/dahlke2/Library/TinyTeX/texmf-dist/tex/latex/tools/calc.sty
Package: calc 2025/03/01 v4.3b Infix arithmetic (KKT,FJ)
\calc@Acount=\count321
\calc@Bcount=\count322
\calc@Adimen=\dimen185
\calc@Bdimen=\dimen186
\calc@Askip=\skip60
\calc@Bskip=\skip61
LaTeX Info: Redefining \setlength on input line 86.
LaTeX Info: Redefining \addtolength on input line 87.
\calc@Ccount=\count323
\calc@Cskip=\skip62
) (/Users/dahlke2/Library/TinyTeX/texmf-dist/tex/latex/mdwtools/footnote.sty
Package: footnote 1997/01/28 1.13 Save footnotes around boxes
\fn@notes=\box62
\fn@width=\dimen187
) (/Users/dahlke2/Library/TinyTeX/texmf-dist/tex/latex/graphics/graphicx.sty
Package: graphicx 2024/12/31 v1.2e Enhanced LaTeX Graphics (DPC,SPQR)
(/Users/dahlke2/Library/TinyTeX/texmf-dist/tex/latex/graphics/graphics.sty
Package: graphics 2024/08/06 v1.4g Standard LaTeX Graphics (DPC,SPQR)
(/Users/dahlke2/Library/TinyTeX/texmf-dist/tex/latex/graphics/trig.sty
Package: trig 2023/12/02 v1.11 sin cos tan (DPC)
) (/Users/dahlke2/Library/TinyTeX/texmf-dist/tex/latex/graphics-cfg/graphics.cfg
File: graphics.cfg 2016/06/04 v1.11 sample graphics configuration
)
Package graphics Info: Driver file: xetex.def on input line 106.
)
\Gin@req@height=\dimen188
\Gin@req@width=\dimen189
)
\pandoc@box=\box63
(/Users/dahlke2/Library/TinyTeX/texmf-dist/tex/latex/colortbl/colortbl.sty
Package: colortbl 2024/10/29 v1.0k Color table columns (DPC)
\everycr=\toks26
\minrowclearance=\skip63
\rownum=\count324
) (/Users/dahlke2/Library/TinyTeX/texmf-dist/tex/latex/float/float.sty
Package: float 2001/11/08 v1.3d Float enhancements (AL)
\c@float@type=\count325
\float@exts=\toks27
\float@box=\box64
\@float@everytoks=\toks28
\@floatcapt=\box65
) (/Users/dahlke2/Library/TinyTeX/texmf-dist/tex/latex/placeins/placeins.sty
Package: placeins 2005/04/18  v 2.2
) (/Users/dahlke2/Library/TinyTeX/texmf-dist/tex/latex/pdflscape/pdflscape.sty
Package: pdflscape 2025-06-23 v0.14 Display of landscape pages in PDF
(/Users/dahlke2/Library/TinyTeX/texmf-dist/tex/latex/pdflscape/pdflscape-nometadata.sty
Package: pdflscape-nometadata 2025-06-23 v0.14 Display of landscape pages in PDF (HO)
(/Users/dahlke2/Library/TinyTeX/texmf-dist/tex/latex/graphics/lscape.sty
Package: lscape 2020/05/28 v3.02 Landscape Pages (DPC)
)
Package pdflscape Info: Auto-detected driver: dvipdfm (xetex) on input line 98.
)) (/Users/dahlke2/Library/TinyTeX/texmf-dist/tex/latex/makecell/makecell.sty
Package: makecell 2009/08/03 V0.1e Managing of Tab Column Heads and Cells
\rotheadsize=\dimen190
\c@nlinenum=\count326
\TeXr@lab=\toks29
) (/Users/dahlke2/Library/TinyTeX/texmf-dist/tex/latex/graphics/rotating.sty
Package: rotating 2025/01/14 v2.16e rotated objects in LaTeX
(/Users/dahlke2/Library/TinyTeX/texmf-dist/tex/latex/base/ifthen.sty
Package: ifthen 2024/03/16 v1.1e Standard LaTeX ifthen package (DPC)
)
\c@r@tfl@t=\count327
\rotFPtop=\skip64
\rotFPbot=\skip65
\rot@float@box=\box66
\rot@mess@toks=\toks30
) (/Users/dahlke2/Library/TinyTeX/texmf-dist/tex/latex/multirow/multirow.sty
Package: multirow 2024/11/12 v2.9 Span multiple rows of a table
\multirow@colwidth=\skip66
\multirow@cntb=\count328
\multirow@dima=\skip67
\bigstrutjot=\dimen191
) (/Users/dahlke2/Library/TinyTeX/texmf-dist/tex/latex/wrapfig/wrapfig.sty
\wrapoverhang=\dimen192
\WF@size=\dimen193
\c@WF@wrappedlines=\count329
\WF@box=\box67
\WF@everypar=\toks31
Package: wrapfig 2003/01/31  v 3.6
) (/Users/dahlke2/Library/TinyTeX/texmf-dist/tex/latex/tabu/tabu.sty
Package: tabu 2019/01/11 v2.9 - flexible LaTeX tabulars (FC+tabu-fixed)
(/Users/dahlke2/Library/TinyTeX/texmf-dist/tex/latex/varwidth/varwidth.sty
Package: varwidth 2009/03/30 ver 0.92;  Variable-width minipages
\@vwid@box=\box68
\sift@deathcycles=\count330
\@vwid@loff=\dimen194
\@vwid@roff=\dimen195
)
==> First Aid for varwidth.sty applied!
\c@taburow=\count331
\tabu@nbcols=\count332
\tabu@cnt=\count333
\tabu@Xcol=\count334
\tabu@alloc=\count335
\tabu@nested=\count336
\tabu@target=\dimen196
\tabu@spreadtarget=\dimen197
\tabu@naturalX=\dimen198
\tabucolX=\dimen199
\tabu@Xsum=\dimen256
\extrarowdepth=\dimen257
\abovetabulinesep=\dimen258
\belowtabulinesep=\dimen259
\tabustrutrule=\dimen260
\tabu@thebody=\toks32
\tabu@footnotes=\toks33
\tabu@box=\box69
\tabu@arstrutbox=\box70
\tabu@hleads=\box71
\tabu@vleads=\box72
\tabu@cellskip=\skip68
) (/Users/dahlke2/Library/TinyTeX/texmf-dist/tex/latex/threeparttable/threeparttable.sty
Package: threeparttable 2003/06/13  v 3.0
\@tempboxb=\box73
) (/Users/dahlke2/Library/TinyTeX/texmf-dist/tex/latex/threeparttablex/threeparttablex.sty
Package: threeparttablex 2013/07/23 v0.3 by daleif
(/Users/dahlke2/Library/TinyTeX/texmf-dist/tex/latex/environ/environ.sty
Package: environ 2014/05/04 v0.3 A new way to define environments
(/Users/dahlke2/Library/TinyTeX/texmf-dist/tex/latex/trimspaces/trimspaces.sty
Package: trimspaces 2009/09/17 v1.1 Trim spaces around a token list
))
\TPTL@width=\skip69
) (/Users/dahlke2/Library/TinyTeX/texmf-dist/tex/generic/ulem/ulem.sty
\UL@box=\box74
\UL@hyphenbox=\box75
\UL@skip=\skip70
\UL@hook=\toks34
\UL@height=\dimen261
\UL@pe=\count337
\UL@pixel=\dimen262
\ULC@box=\box76
Package: ulem 2019/11/18
\ULdepth=\dimen263
) (/Users/dahlke2/Library/TinyTeX/texmf-dist/tex/latex/bookmark/bookmark.sty
Package: bookmark 2023-12-10 v1.31 PDF bookmarks (HO)
(/Users/dahlke2/Library/TinyTeX/texmf-dist/tex/latex/hyperref/hyperref.sty
Package: hyperref 2025-07-12 v7.01o Hypertext links for LaTeX
(/Users/dahlke2/Library/TinyTeX/texmf-dist/tex/generic/kvdefinekeys/kvdefinekeys.sty
Package: kvdefinekeys 2019-12-19 v1.6 Define keys (HO)
) (/Users/dahlke2/Library/TinyTeX/texmf-dist/tex/generic/pdfescape/pdfescape.sty
Package: pdfescape 2019/12/09 v1.15 Implements pdfTeX's escape features (HO)
(/Users/dahlke2/Library/TinyTeX/texmf-dist/tex/generic/pdftexcmds/pdftexcmds.sty
Package: pdftexcmds 2020-06-27 v0.33 Utility functions of pdfTeX for LuaTeX (HO)
(/Users/dahlke2/Library/TinyTeX/texmf-dist/tex/generic/infwarerr/infwarerr.sty
Package: infwarerr 2019/12/03 v1.5 Providing info/warning/error messages (HO)
)
Package pdftexcmds Info: \pdf@primitive is available.
Package pdftexcmds Info: \pdf@ifprimitive is available.
Package pdftexcmds Info: \pdfdraftmode not found.
)) (/Users/dahlke2/Library/TinyTeX/texmf-dist/tex/latex/hycolor/hycolor.sty
Package: hycolor 2020-01-27 v1.10 Color options for hyperref/bookmark (HO)
) (/Users/dahlke2/Library/TinyTeX/texmf-dist/tex/latex/hyperref/nameref.sty
Package: nameref 2025-06-21 v2.57 Cross-referencing by name of section
(/Users/dahlke2/Library/TinyTeX/texmf-dist/tex/latex/refcount/refcount.sty
Package: refcount 2019/12/15 v3.6 Data extraction from label references (HO)
) (/Users/dahlke2/Library/TinyTeX/texmf-dist/tex/generic/gettitlestring/gettitlestring.sty
Package: gettitlestring 2019/12/15 v1.6 Cleanup title references (HO)
)
\c@section@level=\count338
) (/Users/dahlke2/Library/TinyTeX/texmf-dist/tex/generic/stringenc/stringenc.sty
Package: stringenc 2019/11/29 v1.12 Convert strings between diff. encodings (HO)
)
\@linkdim=\dimen264
\Hy@linkcounter=\count339
\Hy@pagecounter=\count340
(/Users/dahlke2/Library/TinyTeX/texmf-dist/tex/latex/hyperref/pd1enc.def
File: pd1enc.def 2025-07-12 v7.01o Hyperref: PDFDocEncoding definition (HO)
) (/Users/dahlke2/Library/TinyTeX/texmf-dist/tex/generic/intcalc/intcalc.sty
Package: intcalc 2019/12/15 v1.3 Expandable calculations with integers (HO)
)
\Hy@SavedSpaceFactor=\count341
(/Users/dahlke2/Library/TinyTeX/texmf-dist/tex/latex/hyperref/puenc.def
File: puenc.def 2025-07-12 v7.01o Hyperref: PDF Unicode definition (HO)
)
Package hyperref Info: Option `unicode' set `true' on input line 4066.
Package hyperref Info: Hyper figures OFF on input line 4195.
Package hyperref Info: Link nesting OFF on input line 4200.
Package hyperref Info: Hyper index ON on input line 4203.
Package hyperref Info: Plain pages OFF on input line 4210.
Package hyperref Info: Backreferencing OFF on input line 4215.
Package hyperref Info: Implicit mode ON; LaTeX internals redefined.
Package hyperref Info: Bookmarks ON on input line 4462.
\c@Hy@tempcnt=\count342
(/Users/dahlke2/Library/TinyTeX/texmf-dist/tex/latex/url/url.sty
\Urlmuskip=\muskip19
Package: url 2013/09/16  ver 3.4  Verb mode for urls, etc.
)
LaTeX Info: Redefining \url on input line 4801.
\XeTeXLinkMargin=\dimen265
(/Users/dahlke2/Library/TinyTeX/texmf-dist/tex/generic/bitset/bitset.sty
Package: bitset 2019/12/09 v1.3 Handle bit-vector datatype (HO)
(/Users/dahlke2/Library/TinyTeX/texmf-dist/tex/generic/bigintcalc/bigintcalc.sty
Package: bigintcalc 2019/12/15 v1.5 Expandable calculations on big integers (HO)
))
\Fld@menulength=\count343
\Field@Width=\dimen266
\Fld@charsize=\dimen267
Package hyperref Info: Hyper figures OFF on input line 6078.
Package hyperref Info: Link nesting OFF on input line 6083.
Package hyperref Info: Hyper index ON on input line 6086.
Package hyperref Info: backreferencing OFF on input line 6093.
Package hyperref Info: Link coloring OFF on input line 6098.
Package hyperref Info: Link coloring with OCG OFF on input line 6103.
Package hyperref Info: PDF/A mode OFF on input line 6108.
\Hy@abspage=\count344
\c@Item=\count345
\c@Hfootnote=\count346
)
Package hyperref Info: Driver (autodetected): hxetex.
(/Users/dahlke2/Library/TinyTeX/texmf-dist/tex/latex/hyperref/hxetex.def
File: hxetex.def 2025-07-12 v7.01o Hyperref driver for XeTeX
\pdfm@box=\box77
\c@Hy@AnnotLevel=\count347
\HyField@AnnotCount=\count348
\Fld@listcount=\count349
\c@bookmark@seq@number=\count350
(/Users/dahlke2/Library/TinyTeX/texmf-dist/tex/latex/rerunfilecheck/rerunfilecheck.sty
Package: rerunfilecheck 2025-06-21 v1.11 Rerun checks for auxiliary files (HO)
(/Users/dahlke2/Library/TinyTeX/texmf-dist/tex/generic/uniquecounter/uniquecounter.sty
Package: uniquecounter 2019/12/15 v1.4 Provide unlimited unique counter (HO)
)
Package uniquecounter Info: New unique counter `rerunfilecheck' on input line 284.
)
\Hy@SectionHShift=\skip71
) (/Users/dahlke2/Library/TinyTeX/texmf-dist/tex/latex/bookmark/bkm-dvipdfm.def
File: bkm-dvipdfm.def 2023-12-10 v1.31 bookmark driver for dvipdfm (HO)
\BKM@id=\count351
)) (./analysis.aux

LaTeX Warning: Label `tab:unnamed-chunk-29' multiply defined.

)
\openout1 = `analysis.aux'.

LaTeX Font Info:    Checking defaults for OML/cmm/m/it on input line 117.
LaTeX Font Info:    ... okay on input line 117.
LaTeX Font Info:    Checking defaults for OMS/cmsy/m/n on input line 117.
LaTeX Font Info:    ... okay on input line 117.
LaTeX Font Info:    Checking defaults for OT1/cmr/m/n on input line 117.
LaTeX Font Info:    ... okay on input line 117.
LaTeX Font Info:    Checking defaults for T1/cmr/m/n on input line 117.
LaTeX Font Info:    ... okay on input line 117.
LaTeX Font Info:    Checking defaults for TS1/cmr/m/n on input line 117.
LaTeX Font Info:    ... okay on input line 117.
LaTeX Font Info:    Checking defaults for TU/lmr/m/n on input line 117.
LaTeX Font Info:    ... okay on input line 117.
LaTeX Font Info:    Checking defaults for OMX/cmex/m/n on input line 117.
LaTeX Font Info:    ... okay on input line 117.
LaTeX Font Info:    Checking defaults for U/cmr/m/n on input line 117.
LaTeX Font Info:    ... okay on input line 117.
LaTeX Font Info:    Checking defaults for PD1/pdf/m/n on input line 117.
LaTeX Font Info:    ... okay on input line 117.
LaTeX Font Info:    Checking defaults for PU/pdf/m/n on input line 117.
LaTeX Font Info:    ... okay on input line 117.
*geometry* driver: auto-detecting
*geometry* detected driver: xetex
*geometry* verbose mode - [ preamble ] result:
* driver: xetex
* paper: <default>
* layout: <same size as paper>
* layoutoffset:(h,v)=(0.0pt,0.0pt)
* modes: 
* h-part:(L,W,R)=(72.26999pt, 469.75502pt, 72.26999pt)
* v-part:(T,H,B)=(72.26999pt, 650.43001pt, 72.26999pt)
* \paperwidth=614.295pt
* \paperheight=794.96999pt
* \textwidth=469.75502pt
* \textheight=650.43001pt
* \oddsidemargin=0.0pt
* \evensidemargin=0.0pt
* \topmargin=-37.0pt
* \headheight=12.0pt
* \headsep=25.0pt
* \topskip=10.0pt
* \footskip=30.0pt
* \marginparwidth=65.0pt
* \marginparsep=11.0pt
* \columnsep=10.0pt
* \skip\footins=9.0pt plus 4.0pt minus 2.0pt
* \hoffset=0.0pt
* \voffset=0.0pt
* \mag=1000
* \@twocolumnfalse
* \@twosidefalse
* \@mparswitchfalse
* \@reversemarginfalse
* (1in=72.27pt=25.4mm, 1cm=28.453pt)

LaTeX Font Info:    Overwriting math alphabet `\mathrm' in version `normal'
(Font)                  OT1/lmr/m/n --> TU/lmr/m/n on input line 117.
LaTeX Font Info:    Overwriting math alphabet `\mathit' in version `normal'
(Font)                  OT1/lmr/m/it --> TU/lmr/m/it on input line 117.
LaTeX Font Info:    Overwriting math alphabet `\mathbf' in version `normal'
(Font)                  OT1/lmr/bx/n --> TU/lmr/bx/n on input line 117.
LaTeX Font Info:    Overwriting math alphabet `\mathsf' in version `normal'
(Font)                  OT1/lmss/m/n --> TU/lmss/m/n on input line 117.
LaTeX Font Info:    Overwriting math alphabet `\mathsf' in version `bold'
(Font)                  OT1/lmss/bx/n --> TU/lmss/bx/n on input line 117.
LaTeX Font Info:    Overwriting math alphabet `\mathtt' in version `normal'
(Font)                  OT1/lmtt/m/n --> TU/lmtt/m/n on input line 117.
LaTeX Font Info:    Overwriting math alphabet `\mathtt' in version `bold'
(Font)                  OT1/lmtt/m/n --> TU/lmtt/bx/n on input line 117.

Package fontspec Info: 
(fontspec)             latinmodern-math scale = 0.9999964596882403.


Package fontspec Info: 
(fontspec)             latinmodern-math scale = 0.9999964596882403.


Package fontspec Info: 
(fontspec)             latinmodern-math scale = 0.9999964596882403.


Package fontspec Info: 
(fontspec)             Font family 'latinmodern-math.otf(0)' created for font
(fontspec)             'latinmodern-math.otf' with options
(fontspec)             [Scale=MatchLowercase,BoldItalicFont={},ItalicFont={},SmallCapsFont={},Script=Math,BoldFont={latinmodern-math.otf}].
(fontspec)              
(fontspec)              This font family consists of the following NFSS
(fontspec)             series/shapes:
(fontspec)              
(fontspec)             - 'normal' (m/n) with NFSS spec.:
(fontspec)             <->s*[0.9999964596882403]"[latinmodern-math.otf]/OT:script=math;language=dflt;"
(fontspec)             - 'bold' (b/n) with NFSS spec.:
(fontspec)             <->s*[0.9999964596882403]"[latinmodern-math.otf]/OT:script=math;language=dflt;"

LaTeX Font Info:    Font shape `TU/latinmodern-math.otf(0)/m/n' will be
(Font)              scaled to size 10.0pt on input line 117.

Package fontspec Info: 
(fontspec)             latinmodern-math scale = 0.9999964596882403.


Package fontspec Info: 
(fontspec)             latinmodern-math scale = 0.9999964596882403.


Package fontspec Info: 
(fontspec)             latinmodern-math scale = 0.9999964596882403.


Package fontspec Info: 
(fontspec)             latinmodern-math scale = 0.9999964596882403.


Package fontspec Info: 
(fontspec)             latinmodern-math scale = 0.9999964596882403.


Package fontspec Info: 
(fontspec)             Font family 'latinmodern-math.otf(1)' created for font
(fontspec)             'latinmodern-math.otf' with options
(fontspec)             [Scale=MatchLowercase,BoldItalicFont={},ItalicFont={},SmallCapsFont={},Script=Math,SizeFeatures={{Size=8.5-},{Size=6-8.5,Font=latinmodern-math.otf,Style=MathScript},{Size=-6,Font=latinmodern-math.otf,Style=MathScriptScript}},BoldFont={latinmodern-math.otf}].
(fontspec)              
(fontspec)              This font family consists of the following NFSS
(fontspec)             series/shapes:
(fontspec)              
(fontspec)             - 'normal' (m/n) with NFSS spec.:
(fontspec)             <8.5->s*[0.9999964596882403]"[latinmodern-math.otf]/OT:script=math;language=dflt;"<6-8.5>s*[0.9999964596882403]"[latinmodern-math.otf]/OT:script=math;language=dflt;+ssty=0;"<-6>s*[0.9999964596882403]"[latinmodern-math.otf]/OT:script=math;language=dflt;+ssty=1;"
(fontspec)             - 'bold' (b/n) with NFSS spec.:
(fontspec)             <->s*[0.9999964596882403]"[latinmodern-math.otf]/OT:script=math;language=dflt;"

LaTeX Font Info:    Font shape `TU/latinmodern-math.otf(1)/m/n' will be
(Font)              scaled to size 10.0pt on input line 117.
LaTeX Font Info:    Encoding `OT1' has changed to `TU' for symbol font
(Font)              `operators' in the math version `normal' on input line 117.
LaTeX Font Info:    Overwriting symbol font `operators' in version `normal'
(Font)                  OT1/lmr/m/n --> TU/latinmodern-math.otf(1)/m/n on input line 117.
LaTeX Font Info:    Encoding `OT1' has changed to `TU' for symbol font
(Font)              `operators' in the math version `bold' on input line 117.
LaTeX Font Info:    Overwriting symbol font `operators' in version `bold'
(Font)                  OT1/lmr/bx/n --> TU/latinmodern-math.otf(1)/b/n on input line 117.

Package fontspec Info: 
(fontspec)             latinmodern-math scale = 0.9999964596882403.


Package fontspec Info: 
(fontspec)             latinmodern-math scale = 1.000096459334209.


Package fontspec Info: 
(fontspec)             latinmodern-math scale = 0.9999964596882403.


Package fontspec Info: 
(fontspec)             latinmodern-math scale = 1.000096459334209.


Package fontspec Info: 
(fontspec)             latinmodern-math scale = 0.9999964596882403.


Package fontspec Info: 
(fontspec)             latinmodern-math scale = 1.000096459334209.


Package fontspec Info: 
(fontspec)             latinmodern-math scale = 0.9999964596882403.


Package fontspec Info: 
(fontspec)             latinmodern-math scale = 1.000096459334209.


Package fontspec Info: 
(fontspec)             latinmodern-math scale = 0.9999964596882403.


Package fontspec Info: 
(fontspec)             latinmodern-math scale = 1.000096459334209.


Package fontspec Info: 
(fontspec)             Font family 'latinmodern-math.otf(2)' created for font
(fontspec)             'latinmodern-math.otf' with options
(fontspec)             [Scale=MatchLowercase,BoldItalicFont={},ItalicFont={},SmallCapsFont={},Script=Math,SizeFeatures={{Size=8.5-},{Size=6-8.5,Font=latinmodern-math.otf,Style=MathScript},{Size=-6,Font=latinmodern-math.otf,Style=MathScriptScript}},BoldFont={latinmodern-math.otf},ScaleAgain=1.0001,FontAdjustment={\fontdimen
(fontspec)             8\font =6.77pt\relax \fontdimen 9\font =3.94pt\relax
(fontspec)             \fontdimen 10\font =4.44pt\relax \fontdimen 11\font
(fontspec)             =6.86pt\relax \fontdimen 12\font =3.45pt\relax
(fontspec)             \fontdimen 13\font =3.63pt\relax \fontdimen 14\font
(fontspec)             =3.63pt\relax \fontdimen 15\font =2.89pt\relax
(fontspec)             \fontdimen 16\font =2.47pt\relax \fontdimen 17\font
(fontspec)             =2.47pt\relax \fontdimen 18\font =2.5pt\relax
(fontspec)             \fontdimen 19\font =2.0pt\relax \fontdimen 22\font
(fontspec)             =2.5pt\relax \fontdimen 20\font =0pt\relax \fontdimen
(fontspec)             21\font =0pt\relax }].
(fontspec)              
(fontspec)              This font family consists of the following NFSS
(fontspec)             series/shapes:
(fontspec)              
(fontspec)             - 'normal' (m/n) with NFSS spec.:
(fontspec)             <8.5->s*[1.000096459334209]"[latinmodern-math.otf]/OT:script=math;language=dflt;"<6-8.5>s*[1.000096459334209]"[latinmodern-math.otf]/OT:script=math;language=dflt;+ssty=0;"<-6>s*[1.000096459334209]"[latinmodern-math.otf]/OT:script=math;language=dflt;+ssty=1;"
(fontspec)             - 'bold' (b/n) with NFSS spec.:
(fontspec)             <->s*[1.000096459334209]"[latinmodern-math.otf]/OT:script=math;language=dflt;"

LaTeX Font Info:    Encoding `OMS' has changed to `TU' for symbol font
(Font)              `symbols' in the math version `normal' on input line 117.
LaTeX Font Info:    Overwriting symbol font `symbols' in version `normal'
(Font)                  OMS/lmsy/m/n --> TU/latinmodern-math.otf(2)/m/n on input line 117.
LaTeX Font Info:    Encoding `OMS' has changed to `TU' for symbol font
(Font)              `symbols' in the math version `bold' on input line 117.
LaTeX Font Info:    Overwriting symbol font `symbols' in version `bold'
(Font)                  OMS/lmsy/b/n --> TU/latinmodern-math.otf(2)/b/n on input line 117.

Package fontspec Info: 
(fontspec)             latinmodern-math scale = 0.9999964596882403.


Package fontspec Info: 
(fontspec)             latinmodern-math scale = 0.9998964600422715.


Package fontspec Info: 
(fontspec)             latinmodern-math scale = 0.9999964596882403.


Package fontspec Info: 
(fontspec)             latinmodern-math scale = 0.9998964600422715.


Package fontspec Info: 
(fontspec)             latinmodern-math scale = 0.9999964596882403.


Package fontspec Info: 
(fontspec)             latinmodern-math scale = 0.9998964600422715.


Package fontspec Info: 
(fontspec)             latinmodern-math scale = 0.9999964596882403.


Package fontspec Info: 
(fontspec)             latinmodern-math scale = 0.9998964600422715.


Package fontspec Info: 
(fontspec)             latinmodern-math scale = 0.9999964596882403.


Package fontspec Info: 
(fontspec)             latinmodern-math scale = 0.9998964600422715.


Package fontspec Info: 
(fontspec)             Font family 'latinmodern-math.otf(3)' created for font
(fontspec)             'latinmodern-math.otf' with options
(fontspec)             [Scale=MatchLowercase,BoldItalicFont={},ItalicFont={},SmallCapsFont={},Script=Math,SizeFeatures={{Size=8.5-},{Size=6-8.5,Font=latinmodern-math.otf,Style=MathScript},{Size=-6,Font=latinmodern-math.otf,Style=MathScriptScript}},BoldFont={latinmodern-math.otf},ScaleAgain=0.9999,FontAdjustment={\fontdimen
(fontspec)             8\font =0.4pt\relax \fontdimen 9\font =2.0pt\relax
(fontspec)             \fontdimen 10\font =1.67pt\relax \fontdimen 11\font
(fontspec)             =1.11pt\relax \fontdimen 12\font =6.0pt\relax
(fontspec)             \fontdimen 13\font =0pt\relax }].
(fontspec)              
(fontspec)              This font family consists of the following NFSS
(fontspec)             series/shapes:
(fontspec)              
(fontspec)             - 'normal' (m/n) with NFSS spec.:
(fontspec)             <8.5->s*[0.9998964600422715]"[latinmodern-math.otf]/OT:script=math;language=dflt;"<6-8.5>s*[0.9998964600422715]"[latinmodern-math.otf]/OT:script=math;language=dflt;+ssty=0;"<-6>s*[0.9998964600422715]"[latinmodern-math.otf]/OT:script=math;language=dflt;+ssty=1;"
(fontspec)             - 'bold' (b/n) with NFSS spec.:
(fontspec)             <->s*[0.9998964600422715]"[latinmodern-math.otf]/OT:script=math;language=dflt;"

LaTeX Font Info:    Encoding `OMX' has changed to `TU' for symbol font
(Font)              `largesymbols' in the math version `normal' on input line 117.
LaTeX Font Info:    Overwriting symbol font `largesymbols' in version `normal'
(Font)                  OMX/lmex/m/n --> TU/latinmodern-math.otf(3)/m/n on input line 117.
LaTeX Font Info:    Encoding `OMX' has changed to `TU' for symbol font
(Font)              `largesymbols' in the math version `bold' on input line 117.
LaTeX Font Info:    Overwriting symbol font `largesymbols' in version `bold'
(Font)                  OMX/lmex/m/n --> TU/latinmodern-math.otf(3)/b/n on input line 117.
Package hyperref Info: Link coloring OFF on input line 117.
LaTeX Font Info:    Font shape `TU/latinmodern-math.otf(1)/m/n' will be
(Font)              scaled to size 12.0pt on input line 119.
LaTeX Font Info:    Font shape `TU/latinmodern-math.otf(1)/m/n' will be
(Font)              scaled to size 8.0pt on input line 119.
LaTeX Font Info:    Font shape `TU/latinmodern-math.otf(1)/m/n' will be
(Font)              scaled to size 6.0pt on input line 119.
LaTeX Font Info:    Trying to load font information for OML+lmm on input line 119.
(/Users/dahlke2/Library/TinyTeX/texmf-dist/tex/latex/lm/omllmm.fd
File: omllmm.fd 2015/05/01 v1.6.1 Font defs for Latin Modern
)
LaTeX Font Info:    Font shape `TU/latinmodern-math.otf(2)/m/n' will be
(Font)              scaled to size 12.0011pt on input line 119.
LaTeX Font Info:    Font shape `TU/latinmodern-math.otf(2)/m/n' will be
(Font)              scaled to size 8.00073pt on input line 119.
LaTeX Font Info:    Font shape `TU/latinmodern-math.otf(2)/m/n' will be
(Font)              scaled to size 6.00055pt on input line 119.
LaTeX Font Info:    Font shape `TU/latinmodern-math.otf(3)/m/n' will be
(Font)              scaled to size 11.99872pt on input line 119.
LaTeX Font Info:    Font shape `TU/latinmodern-math.otf(3)/m/n' will be
(Font)              scaled to size 7.99915pt on input line 119.
LaTeX Font Info:    Font shape `TU/latinmodern-math.otf(3)/m/n' will be
(Font)              scaled to size 5.99936pt on input line 119.
LaTeX Font Info:    Trying to load font information for U+msa on input line 119.
(/Users/dahlke2/Library/TinyTeX/texmf-dist/tex/latex/amsfonts/umsa.fd
File: umsa.fd 2013/01/14 v3.01 AMS symbols A
)
LaTeX Font Info:    Trying to load font information for U+msb on input line 119.
(/Users/dahlke2/Library/TinyTeX/texmf-dist/tex/latex/amsfonts/umsb.fd
File: umsb.fd 2013/01/14 v3.01 AMS symbols B
) (./analysis.toc
LaTeX Font Info:    Font shape `TU/latinmodern-math.otf(1)/m/n' will be
(Font)              scaled to size 7.0pt on input line 3.
LaTeX Font Info:    Font shape `TU/latinmodern-math.otf(1)/m/n' will be
(Font)              scaled to size 5.0pt on input line 3.
LaTeX Font Info:    Font shape `TU/latinmodern-math.otf(2)/m/n' will be
(Font)              scaled to size 10.00092pt on input line 3.
LaTeX Font Info:    Font shape `TU/latinmodern-math.otf(2)/m/n' will be
(Font)              scaled to size 7.00064pt on input line 3.
LaTeX Font Info:    Font shape `TU/latinmodern-math.otf(2)/m/n' will be
(Font)              scaled to size 5.00046pt on input line 3.
LaTeX Font Info:    Font shape `TU/latinmodern-math.otf(3)/m/n' will be
(Font)              scaled to size 9.99893pt on input line 3.
LaTeX Font Info:    Font shape `TU/latinmodern-math.otf(3)/m/n' will be
(Font)              scaled to size 6.99925pt on input line 3.
LaTeX Font Info:    Font shape `TU/latinmodern-math.otf(3)/m/n' will be
(Font)              scaled to size 4.99947pt on input line 3.


[1

])
\tf@toc=\write3
\openout3 = `analysis.toc'.



[2]

[3]

[4]
File: analysis_files/figure-latex/exposure_visualization-1.pdf Graphic file (type pdf)
<use analysis_files/figure-latex/exposure_visualization-1.pdf>
Missing character: There is no ≥ (U+2265) in font [lmmono10-regular]:!


[5]
Missing character: There is no ≥ (U+2265) in font [lmmono10-regular]:!
Missing character: There is no ≥ (U+2265) in font [lmmono10-regular]:!
Missing character: There is no ≥ (U+2265) in font [lmmono10-regular]:!
Missing character: There is no ≥ (U+2265) in font [lmmono10-regular]:!
Missing character: There is no ≥ (U+2265) in font [lmmono10-regular]:!
Missing character: There is no ≥ (U+2265) in font [lmmono10-regular]:!
Missing character: There is no ≥ (U+2265) in font [lmmono10-regular]:!
Missing character: There is no ≥ (U+2265) in font [lmmono10-regular]:!
Missing character: There is no ≥ (U+2265) in font [lmmono10-regular]:!
File: analysis_files/figure-latex/unnamed-chunk-5-1.pdf Graphic file (type pdf)
<use analysis_files/figure-latex/unnamed-chunk-5-1.pdf>
Missing character: There is no ≥ (U+2265) in font [lmroman10-regular]:mapping=tex-text;!
Missing character: There is no ≥ (U+2265) in font [lmroman10-regular]:mapping=tex-text;!
Missing character: There is no ≥ (U+2265) in font [lmroman10-regular]:mapping=tex-text;!
Missing character: There is no ≥ (U+2265) in font [lmroman10-regular]:mapping=tex-text;!
Missing character: There is no ≥ (U+2265) in font [lmroman10-regular]:mapping=tex-text;!
Missing character: There is no ≥ (U+2265) in font [lmroman10-regular]:mapping=tex-text;!

Overfull \hbox (220.335pt too wide) in alignment at lines 305--318
 [] [] [] [] [] [] [] [] [] [] 
 []



[6]
File: analysis_files/figure-latex/intensity_visualization-1.pdf Graphic file (type pdf)
<use analysis_files/figure-latex/intensity_visualization-1.pdf>
File: analysis_files/figure-latex/unnamed-chunk-13-1.pdf Graphic file (type pdf)
<use analysis_files/figure-latex/unnamed-chunk-13-1.pdf>


[7]
File: analysis_files/figure-latex/unnamed-chunk-14-1.pdf Graphic file (type pdf)
<use analysis_files/figure-latex/unnamed-chunk-14-1.pdf>


[8]
File: analysis_files/figure-latex/unnamed-chunk-15-1.pdf Graphic file (type pdf)
<use analysis_files/figure-latex/unnamed-chunk-15-1.pdf>


[9]
File: analysis_files/figure-latex/ccdf-visualization-1.pdf Graphic file (type pdf)
<use analysis_files/figure-latex/ccdf-visualization-1.pdf>
File: analysis_files/figure-latex/ccdf-visualization-2.pdf Graphic file (type pdf)
<use analysis_files/figure-latex/ccdf-visualization-2.pdf>

Underfull \hbox (badness 10000) in paragraph at lines 437--439
[][]
 []



[10]

[11]
File: analysis_files/figure-latex/age_visualization-1.pdf Graphic file (type pdf)
<use analysis_files/figure-latex/age_visualization-1.pdf>


[12]
File: analysis_files/figure-latex/unnamed-chunk-20-1.pdf Graphic file (type pdf)
<use analysis_files/figure-latex/unnamed-chunk-20-1.pdf>


[13]
File: analysis_files/figure-latex/unnamed-chunk-25-1.pdf Graphic file (type pdf)
<use analysis_files/figure-latex/unnamed-chunk-25-1.pdf>


[14]
File: analysis_files/figure-latex/unnamed-chunk-26-1.pdf Graphic file (type pdf)
<use analysis_files/figure-latex/unnamed-chunk-26-1.pdf>


[15]
File: analysis_files/figure-latex/unnamed-chunk-27-1.pdf Graphic file (type pdf)
<use analysis_files/figure-latex/unnamed-chunk-27-1.pdf>

Overfull \hbox (119.89496pt too wide) in alignment at lines 498--509
 [] [] [] [] [] [] 
 []



[16]

[17]
Overfull \hbox (238.99498pt too wide) in paragraph at lines 540--540
[]\TU/lmtt/m/n/10 ## |Generation |2016              |2020              |2024                 |2020 vs 2016                 |2024 vs 2020                |[] 
 []


Overfull \hbox (238.99498pt too wide) in paragraph at lines 540--540
[]\TU/lmtt/m/n/10 ## |:----------|:-----------------|:-----------------|:--------------------|:----------------------------|:---------------------------|[] 
 []


Overfull \hbox (238.99498pt too wide) in paragraph at lines 540--540
[]\TU/lmtt/m/n/10 ## |Silent     |38.2 [24.3, 52.1] |22.7 [0.5, 44.9]  |147.5 [-55.4, 350.4] |Diff=-15.5, t=-1.00, p=0.323 |Diff=124.9, t=1.08, p=0.313 |[] 
 []


Overfull \hbox (238.99498pt too wide) in paragraph at lines 540--540
[]\TU/lmtt/m/n/10 ## |Boomers    |39.2 [30.5, 47.9] |25.0 [12.8, 37.1] |31.8 [17.1, 46.5]    |Diff=-14.2, t=-2.16, p=0.031 |Diff=6.8, t=0.74, p=0.463   |[] 
 []


Overfull \hbox (238.99498pt too wide) in paragraph at lines 540--540
[]\TU/lmtt/m/n/10 ## |Gen X      |20.7 [13.7, 27.7] |18.2 [4.8, 31.7]  |63.6 [-10.1, 137.4]  |Diff=-2.4, t=-0.26, p=0.797  |Diff=45.4, t=1.17, p=0.248  |[] 
 []


Overfull \hbox (238.99498pt too wide) in paragraph at lines 540--540
[]\TU/lmtt/m/n/10 ## |Millenial  |26.9 [8.2, 45.5]  |29.4 [11.4, 47.4] |28.0 [-0.6, 56.7]    |Diff=2.5, t=0.31, p=0.755    |Diff=-1.4, t=-0.09, p=0.930 |[] 
 []


Overfull \hbox (238.99498pt too wide) in paragraph at lines 540--540
[]\TU/lmtt/m/n/10 ## |Gen Z      |3.9 [1.2, 6.7]    |4.4 [2.9, 5.8]    |70.8 [-21.5, 163.2]  |Diff=0.4, t=0.19, p=0.871    |Diff=66.5, t=1.35, p=0.311  |[] 
 []


Overfull \hbox (34.24498pt too wide) in paragraph at lines 558--558
[]\TU/lmtt/m/n/10 ## |Generation |2020                   |2024                   |2024 vs 2020                   |[] 
 []


Overfull \hbox (34.24498pt too wide) in paragraph at lines 558--558
[]\TU/lmtt/m/n/10 ## |:----------|:----------------------|:----------------------|:------------------------------|[] 
 []


Overfull \hbox (34.24498pt too wide) in paragraph at lines 558--558
[]\TU/lmtt/m/n/10 ## |Silent     |0.255% [-0.000, 0.511] |0.408% [-0.057, 0.874] |Diff=0.153%, t=0.48, p=0.634   |[] 
 []


Overfull \hbox (34.24498pt too wide) in paragraph at lines 558--558
[]\TU/lmtt/m/n/10 ## |Boomers    |0.143% [0.068, 0.218]  |0.134% [0.072, 0.195]  |Diff=-0.009%, t=-0.18, p=0.859 |[] 
 []


Overfull \hbox (34.24498pt too wide) in paragraph at lines 558--558
[]\TU/lmtt/m/n/10 ## |Gen X      |0.085% [-0.010, 0.181] |0.094% [0.034, 0.155]  |Diff=0.009%, t=0.12, p=0.907   |[] 
 []


Overfull \hbox (34.24498pt too wide) in paragraph at lines 558--558
[]\TU/lmtt/m/n/10 ## |Millenial  |0.077% [-0.008, 0.161] |0.049% [0.000, 0.099]  |Diff=-0.027%, t=-0.77, p=0.443 |[] 
 []


Overfull \hbox (34.24498pt too wide) in paragraph at lines 558--558
[]\TU/lmtt/m/n/10 ## |Gen Z      |0.011% [0.001, 0.021]  |0.018% [-0.009, 0.045] |Diff=0.007%, t=0.68, p=0.499   |[] 
 []

File: analysis_files/figure-latex/age_generation_comprehensive_analysis-1.pdf Graphic file (type pdf)
<use analysis_files/figure-latex/age_generation_comprehensive_analysis-1.pdf>


[18]
File: analysis_files/figure-latex/partisan_visualization-1.pdf Graphic file (type pdf)
<use analysis_files/figure-latex/partisan_visualization-1.pdf>
File: analysis_files/figure-latex/unnamed-chunk-36-1.pdf Graphic file (type pdf)
<use analysis_files/figure-latex/unnamed-chunk-36-1.pdf>


[19]
File: analysis_files/figure-latex/unnamed-chunk-37-1.pdf Graphic file (type pdf)
<use analysis_files/figure-latex/unnamed-chunk-37-1.pdf>

Overfull \hbox (36.13374pt too wide) in paragraph at lines 593--594
[][] 
 []



[20]

[21]
Overfull \hbox (44.74498pt too wide) in paragraph at lines 675--675
[]\TU/lmtt/m/n/10 ## |party_group         | registered_voter|  mean|    se|   n|voter_status   | ci_lower| ci_upper|[] 
 []


Overfull \hbox (44.74498pt too wide) in paragraph at lines 675--675
[]\TU/lmtt/m/n/10 ## |:-------------------|----------------:|-----:|-----:|---:|:--------------|--------:|--------:|[] 
 []


Overfull \hbox (44.74498pt too wide) in paragraph at lines 675--675
[]\TU/lmtt/m/n/10 ## |Democrat/Lean Dem   |                0| 0.020| 0.020|  29|Not Registered |   -0.019|    0.058|[] 
 []


Overfull \hbox (44.74498pt too wide) in paragraph at lines 675--675
[]\TU/lmtt/m/n/10 ## |Democrat/Lean Dem   |                1| 0.086| 0.015| 418|Registered     |    0.057|    0.115|[] 
 []


Overfull \hbox (44.74498pt too wide) in paragraph at lines 675--675
[]\TU/lmtt/m/n/10 ## |Independent         |                0| 0.047| 0.034|  37|Not Registered |   -0.019|    0.114|[] 
 []


Overfull \hbox (44.74498pt too wide) in paragraph at lines 675--675
[]\TU/lmtt/m/n/10 ## |Independent         |                1| 0.113| 0.027| 132|Registered     |    0.060|    0.166|[] 
 []


Overfull \hbox (44.74498pt too wide) in paragraph at lines 675--675
[]\TU/lmtt/m/n/10 ## |Republican/Lean Rep |                0| 0.096| 0.064|  28|Not Registered |   -0.030|    0.223|[] 
 []


Overfull \hbox (44.74498pt too wide) in paragraph at lines 675--675
[]\TU/lmtt/m/n/10 ## |Republican/Lean Rep |                1| 0.286| 0.029| 406|Registered     |    0.230|    0.342|[] 
 []


Overfull \hbox (44.74498pt too wide) in paragraph at lines 690--690
[]\TU/lmtt/m/n/10 ## |trump_group         | registered_voter|  mean|    se|   n|voter_status   | ci_lower| ci_upper|[] 
 []


Overfull \hbox (44.74498pt too wide) in paragraph at lines 690--690
[]\TU/lmtt/m/n/10 ## |:-------------------|----------------:|-----:|-----:|---:|:--------------|--------:|--------:|[] 
 []


Overfull \hbox (44.74498pt too wide) in paragraph at lines 690--690
[]\TU/lmtt/m/n/10 ## |Non-Trump Supporter |                0| 0.083| 0.040|  93|Not Registered |    0.004|    0.161|[] 
 []


Overfull \hbox (44.74498pt too wide) in paragraph at lines 690--690
[]\TU/lmtt/m/n/10 ## |Non-Trump Supporter |                1| 0.086| 0.012| 560|Registered     |    0.063|    0.110|[] 
 []


Overfull \hbox (44.74498pt too wide) in paragraph at lines 690--690
[]\TU/lmtt/m/n/10 ## |Trump Supporter     |                0| 0.000| 0.000|   9|Not Registered |    0.000|    0.000|[] 
 []


Overfull \hbox (44.74498pt too wide) in paragraph at lines 690--690
[]\TU/lmtt/m/n/10 ## |Trump Supporter     |                1| 0.298| 0.029| 407|Registered     |    0.240|    0.355|[] 
 []



[22]
File: analysis_files/figure-latex/ideology_plot-1.pdf Graphic file (type pdf)
<use analysis_files/figure-latex/ideology_plot-1.pdf>


[23]

[24]
File: analysis_files/figure-latex/ai_exposure_visualization-1.pdf Graphic file (type pdf)
<use analysis_files/figure-latex/ai_exposure_visualization-1.pdf>


[25]

[26]

[27]

[28]

[29]

[30]

[31]
Overfull \hbox (123.285pt too wide) in alignment at lines 1250--1267
 [] [] [] [] [] [] [] [] 
 []



[32]
File: analysis_files/figure-latex/credible_exposure_visualization-1.pdf Graphic file (type pdf)
<use analysis_files/figure-latex/credible_exposure_visualization-1.pdf>


[33]
File: analysis_files/figure-latex/credible_visits_visualization-1.pdf Graphic file (type pdf)
<use analysis_files/figure-latex/credible_visits_visualization-1.pdf>
File: analysis_files/figure-latex/credible_misinfo_visualization-1.pdf Graphic file (type pdf)
<use analysis_files/figure-latex/credible_misinfo_visualization-1.pdf>


[34]

[35]

[36]

[37]
File: analysis_files/figure-latex/unnamed-chunk-58-1.pdf Graphic file (type pdf)
<use analysis_files/figure-latex/unnamed-chunk-58-1.pdf>


[38]
Overfull \hbox (354.49498pt too wide) in paragraph at lines 1555--1555
[]\TU/lmtt/m/n/10 ## <table style="text-align:center"><caption><strong>Regression Models Predicting Actual Untrustworthy Website Exposure by Self-Assessment</strong></caption>[] 
 []


Overfull \hbox (385.99498pt too wide) in paragraph at lines 1555--1555
[]\TU/lmtt/m/n/10 ## <tr><td colspan="3" style="border-bottom: 1px solid black"></td></tr><tr><td style="text-align:left"></td><td colspan="2"><em>Dependent variable:</em></td></tr>[] 
 []


Overfull \hbox (70.99498pt too wide) in paragraph at lines 1555--1555
[]\TU/lmtt/m/n/10 ## <tr><td style="text-align:left"></td><td colspan="2">Actual Untrustworthy Website Exposure</td></tr>[] 
 []


Overfull \hbox (13.24498pt too wide) in paragraph at lines 1555--1555
[]\TU/lmtt/m/n/10 ## <tr><td style="text-align:left"></td><td>Model 1 (Basic)</td><td>Model 2 (Full)</td></tr>[] 
 []


Overfull \hbox (469.99498pt too wide) in paragraph at lines 1555--1555
[]\TU/lmtt/m/n/10 ## <tr><td colspan="3" style="border-bottom: 1px solid black"></td></tr><tr><td style="text-align:left">Republican</td><td>0.137<sup>***</sup></td><td>0.080<sup>**</sup></td></tr>[] 
 []


Overfull \hbox (7.99498pt too wide) in paragraph at lines 1555--1555
[]\TU/lmtt/m/n/10 ## <tr><td style="text-align:left">Self-Assessment</td><td>0.0001</td><td>-0.0002</td></tr>[] 
 []


Overfull \hbox (107.74498pt too wide) in paragraph at lines 1555--1555
[]\TU/lmtt/m/n/10 ## <tr><td style="text-align:left">Republican × Self-Assessment</td><td></td><td>0.045<sup>***</sup></td></tr>[] 
 []


Overfull \hbox (23.74498pt too wide) in paragraph at lines 1555--1555
[]\TU/lmtt/m/n/10 ## <tr><td style="text-align:left">Democrat × Self-Assessment</td><td></td><td>0.010</td></tr>[] 
 []



[39]
Overfull \hbox (338.74498pt too wide) in paragraph at lines 1555--1555
[]\TU/lmtt/m/n/10 ## <tr><td colspan="3" style="border-bottom: 1px solid black"></td></tr><tr><td style="text-align:left">Observations</td><td>1,069</td><td>1,050</td></tr>[] 
 []


Overfull \hbox (28.99498pt too wide) in paragraph at lines 1555--1555
[]\TU/lmtt/m/n/10 ## <tr><td style="text-align:left">Adjusted R<sup>2</sup></td><td>0.044</td><td>0.082</td></tr>[] 
 []


Overfull \hbox (139.24498pt too wide) in paragraph at lines 1555--1555
[]\TU/lmtt/m/n/10 ## <tr><td style="text-align:left">Residual Std. Error</td><td>0.285 (df = 1063)</td><td>0.281 (df = 1037)</td></tr>[] 
 []


Overfull \hbox (286.24498pt too wide) in paragraph at lines 1555--1555
[]\TU/lmtt/m/n/10 ## <tr><td style="text-align:left">F Statistic</td><td>10.921<sup>***</sup> (df = 5; 1063)</td><td>8.843<sup>***</sup> (df = 12; 1037)</td></tr>[] 
 []


Overfull \hbox (611.74498pt too wide) in paragraph at lines 1555--1555
[]\TU/lmtt/m/n/10 ## <tr><td colspan="3" style="border-bottom: 1px solid black"></td></tr><tr><td style="text-align:left"><em>Note:</em></td><td colspan="2" style="text-align:right">* p<0.05; ** p<0.01; *** p<0.001</td></tr>[] 
 []

File: analysis_files/figure-latex/unnamed-chunk-60-1.pdf Graphic file (type pdf)
<use analysis_files/figure-latex/unnamed-chunk-60-1.pdf>


[40]

[41]

[42]

[43]
Overfull \hbox (34.24498pt too wide) in paragraph at lines 1806--1806
[]\TU/lmtt/m/n/10 ## <table style="text-align:center"><caption><strong>Others Assessment Models</strong></caption>[] 
 []


Overfull \hbox (385.99498pt too wide) in paragraph at lines 1806--1806
[]\TU/lmtt/m/n/10 ## <tr><td colspan="3" style="border-bottom: 1px solid black"></td></tr><tr><td style="text-align:left"></td><td colspan="2"><em>Dependent variable:</em></td></tr>[] 
 []


Overfull \hbox (475.24498pt too wide) in paragraph at lines 1806--1806
[]\TU/lmtt/m/n/10 ## <tr><td colspan="3" style="border-bottom: 1px solid black"></td></tr><tr><td style="text-align:left">republican</td><td>0.150<sup>***</sup></td><td>0.097<sup>***</sup></td></tr>[] 
 []


Overfull \hbox (28.99498pt too wide) in paragraph at lines 1806--1806
[]\TU/lmtt/m/n/10 ## <tr><td style="text-align:left">false_news_others</td><td>-0.00004</td><td>-0.0001</td></tr>[] 
 []


Overfull \hbox (55.24498pt too wide) in paragraph at lines 1806--1806
[]\TU/lmtt/m/n/10 ## <tr><td style="text-align:left">political_interest</td><td></td><td>0.043<sup>***</sup></td></tr>[] 
 []


Overfull \hbox (81.49498pt too wide) in paragraph at lines 1806--1806
[]\TU/lmtt/m/n/10 ## <tr><td style="text-align:left">republican:false_news_others</td><td>-0.0002</td><td>-0.0001</td></tr>[] 
 []


Overfull \hbox (55.24498pt too wide) in paragraph at lines 1806--1806
[]\TU/lmtt/m/n/10 ## <tr><td style="text-align:left">democrat:false_news_others</td><td>0.001</td><td>0.0005</td></tr>[] 
 []


Overfull \hbox (338.74498pt too wide) in paragraph at lines 1806--1806
[]\TU/lmtt/m/n/10 ## <tr><td colspan="3" style="border-bottom: 1px solid black"></td></tr><tr><td style="text-align:left">Observations</td><td>1,069</td><td>1,050</td></tr>[] 
 []


Overfull \hbox (28.99498pt too wide) in paragraph at lines 1806--1806
[]\TU/lmtt/m/n/10 ## <tr><td style="text-align:left">Adjusted R<sup>2</sup></td><td>0.051</td><td>0.086</td></tr>[] 
 []


Overfull \hbox (139.24498pt too wide) in paragraph at lines 1806--1806
[]\TU/lmtt/m/n/10 ## <tr><td style="text-align:left">Residual Std. Error</td><td>0.284 (df = 1063)</td><td>0.281 (df = 1037)</td></tr>[] 
 []


Overfull \hbox (286.24498pt too wide) in paragraph at lines 1806--1806
[]\TU/lmtt/m/n/10 ## <tr><td style="text-align:left">F Statistic</td><td>12.529<sup>***</sup> (df = 5; 1063)</td><td>9.271<sup>***</sup> (df = 12; 1037)</td></tr>[] 
 []


Overfull \hbox (611.74498pt too wide) in paragraph at lines 1806--1806
[]\TU/lmtt/m/n/10 ## <tr><td colspan="3" style="border-bottom: 1px solid black"></td></tr><tr><td style="text-align:left"><em>Note:</em></td><td colspan="2" style="text-align:right">* p<0.05; ** p<0.01; *** p<0.001</td></tr>[] 
 []


Overfull \hbox (55.24498pt too wide) in paragraph at lines 1848--1848
[]\TU/lmtt/m/n/10 ## <table style="text-align:center"><caption><strong>Republican Assessment Models</strong></caption>[] 
 []


Overfull \hbox (385.99498pt too wide) in paragraph at lines 1848--1848
[]\TU/lmtt/m/n/10 ## <tr><td colspan="3" style="border-bottom: 1px solid black"></td></tr><tr><td style="text-align:left"></td><td colspan="2"><em>Dependent variable:</em></td></tr>[] 
 []



[44]
Overfull \hbox (469.99498pt too wide) in paragraph at lines 1848--1848
[]\TU/lmtt/m/n/10 ## <tr><td colspan="3" style="border-bottom: 1px solid black"></td></tr><tr><td style="text-align:left">republican</td><td>0.148<sup>***</sup></td><td>0.094<sup>**</sup></td></tr>[] 
 []


Overfull \hbox (60.49498pt too wide) in paragraph at lines 1848--1848
[]\TU/lmtt/m/n/10 ## <tr><td style="text-align:left">false_news_republicans</td><td>-0.00002</td><td>-0.00005</td></tr>[] 
 []


Overfull \hbox (55.24498pt too wide) in paragraph at lines 1848--1848
[]\TU/lmtt/m/n/10 ## <tr><td style="text-align:left">political_interest</td><td></td><td>0.044<sup>***</sup></td></tr>[] 
 []


Overfull \hbox (107.74498pt too wide) in paragraph at lines 1848--1848
[]\TU/lmtt/m/n/10 ## <tr><td style="text-align:left">republican:false_news_republicans</td><td>-0.0002</td><td>-0.0001</td></tr>[] 
 []


Overfull \hbox (102.49498pt too wide) in paragraph at lines 1848--1848
[]\TU/lmtt/m/n/10 ## <tr><td style="text-align:left">democrat:false_news_republicans</td><td>-0.00002</td><td>-0.0001</td></tr>[] 
 []


Overfull \hbox (338.74498pt too wide) in paragraph at lines 1848--1848
[]\TU/lmtt/m/n/10 ## <tr><td colspan="3" style="border-bottom: 1px solid black"></td></tr><tr><td style="text-align:left">Observations</td><td>1,069</td><td>1,050</td></tr>[] 
 []


Overfull \hbox (28.99498pt too wide) in paragraph at lines 1848--1848
[]\TU/lmtt/m/n/10 ## <tr><td style="text-align:left">Adjusted R<sup>2</sup></td><td>0.045</td><td>0.082</td></tr>[] 
 []


Overfull \hbox (139.24498pt too wide) in paragraph at lines 1848--1848
[]\TU/lmtt/m/n/10 ## <tr><td style="text-align:left">Residual Std. Error</td><td>0.285 (df = 1063)</td><td>0.281 (df = 1037)</td></tr>[] 
 []


Overfull \hbox (286.24498pt too wide) in paragraph at lines 1848--1848
[]\TU/lmtt/m/n/10 ## <tr><td style="text-align:left">F Statistic</td><td>11.115<sup>***</sup> (df = 5; 1063)</td><td>8.828<sup>***</sup> (df = 12; 1037)</td></tr>[] 
 []


Overfull \hbox (611.74498pt too wide) in paragraph at lines 1848--1848
[]\TU/lmtt/m/n/10 ## <tr><td colspan="3" style="border-bottom: 1px solid black"></td></tr><tr><td style="text-align:left"><em>Note:</em></td><td colspan="2" style="text-align:right">* p<0.05; ** p<0.01; *** p<0.001</td></tr>[] 
 []


Overfull \hbox (44.74498pt too wide) in paragraph at lines 1890--1890
[]\TU/lmtt/m/n/10 ## <table style="text-align:center"><caption><strong>Democrat Assessment Models</strong></caption>[] 
 []


Overfull \hbox (385.99498pt too wide) in paragraph at lines 1890--1890
[]\TU/lmtt/m/n/10 ## <tr><td colspan="3" style="border-bottom: 1px solid black"></td></tr><tr><td style="text-align:left"></td><td colspan="2"><em>Dependent variable:</em></td></tr>[] 
 []


Overfull \hbox (475.24498pt too wide) in paragraph at lines 1890--1890
[]\TU/lmtt/m/n/10 ## <tr><td colspan="3" style="border-bottom: 1px solid black"></td></tr><tr><td style="text-align:left">republican</td><td>0.158<sup>***</sup></td><td>0.108<sup>***</sup></td></tr>[] 
 []


Overfull \hbox (28.99498pt too wide) in paragraph at lines 1890--1890
[]\TU/lmtt/m/n/10 ## <tr><td style="text-align:left">false_news_democrats</td><td>0.0004</td><td>0.0005</td></tr>[] 
 []


Overfull \hbox (55.24498pt too wide) in paragraph at lines 1890--1890
[]\TU/lmtt/m/n/10 ## <tr><td style="text-align:left">political_interest</td><td></td><td>0.045<sup>***</sup></td></tr>[] 
 []



[45]
Overfull \hbox (86.74498pt too wide) in paragraph at lines 1890--1890
[]\TU/lmtt/m/n/10 ## <tr><td style="text-align:left">republican:false_news_democrats</td><td>-0.001</td><td>-0.001</td></tr>[] 
 []


Overfull \hbox (81.49498pt too wide) in paragraph at lines 1890--1890
[]\TU/lmtt/m/n/10 ## <tr><td style="text-align:left">democrat:false_news_democrats</td><td>-0.0004</td><td>-0.001</td></tr>[] 
 []


Overfull \hbox (338.74498pt too wide) in paragraph at lines 1890--1890
[]\TU/lmtt/m/n/10 ## <tr><td colspan="3" style="border-bottom: 1px solid black"></td></tr><tr><td style="text-align:left">Observations</td><td>1,069</td><td>1,050</td></tr>[] 
 []


Overfull \hbox (28.99498pt too wide) in paragraph at lines 1890--1890
[]\TU/lmtt/m/n/10 ## <tr><td style="text-align:left">Adjusted R<sup>2</sup></td><td>0.045</td><td>0.083</td></tr>[] 
 []


Overfull \hbox (139.24498pt too wide) in paragraph at lines 1890--1890
[]\TU/lmtt/m/n/10 ## <tr><td style="text-align:left">Residual Std. Error</td><td>0.285 (df = 1063)</td><td>0.281 (df = 1037)</td></tr>[] 
 []


Overfull \hbox (286.24498pt too wide) in paragraph at lines 1890--1890
[]\TU/lmtt/m/n/10 ## <tr><td style="text-align:left">F Statistic</td><td>11.081<sup>***</sup> (df = 5; 1063)</td><td>8.889<sup>***</sup> (df = 12; 1037)</td></tr>[] 
 []


Overfull \hbox (611.74498pt too wide) in paragraph at lines 1890--1890
[]\TU/lmtt/m/n/10 ## <tr><td colspan="3" style="border-bottom: 1px solid black"></td></tr><tr><td style="text-align:left"><em>Note:</em></td><td colspan="2" style="text-align:right">* p<0.05; ** p<0.01; *** p<0.001</td></tr>[] 
 []

File: analysis_files/figure-latex/unnamed-chunk-62-1.pdf Graphic file (type pdf)
<use analysis_files/figure-latex/unnamed-chunk-62-1.pdf>
File: analysis_files/figure-latex/unnamed-chunk-63-1.pdf Graphic file (type pdf)
<use analysis_files/figure-latex/unnamed-chunk-63-1.pdf>


[46]

[47]
File: analysis_files/figure-latex/unnamed-chunk-66-1.pdf Graphic file (type pdf)
<use analysis_files/figure-latex/unnamed-chunk-66-1.pdf>


[48]
Overfull \hbox (88.60497pt too wide) in paragraph at lines 1916--1965
 [][] 
 []

File: analysis_files/figure-latex/unnamed-chunk-69-1.pdf Graphic file (type pdf)
<use analysis_files/figure-latex/unnamed-chunk-69-1.pdf>


[49]
Overfull \hbox (104.60497pt too wide) in paragraph at lines 1980--2028
 [][] 
 []



[50]
File: analysis_files/figure-latex/unnamed-chunk-72-1.pdf Graphic file (type pdf)
<use analysis_files/figure-latex/unnamed-chunk-72-1.pdf>


[51]
Overfull \hbox (56.27496pt too wide) in paragraph at lines 2044--2092
 [][] 
 []



[52]
File: analysis_files/figure-latex/unnamed-chunk-75-1.pdf Graphic file (type pdf)
<use analysis_files/figure-latex/unnamed-chunk-75-1.pdf>


[53]
Overfull \hbox (52.49496pt too wide) in paragraph at lines 2106--2154
 [][] 
 []



[54]
File: analysis_files/figure-latex/unnamed-chunk-78-1.pdf Graphic file (type pdf)
<use analysis_files/figure-latex/unnamed-chunk-78-1.pdf>


[55]

[56]
File: analysis_files/figure-latex/unnamed-chunk-81-1.pdf Graphic file (type pdf)
<use analysis_files/figure-latex/unnamed-chunk-81-1.pdf>


[57]

[58]
File: analysis_files/figure-latex/unnamed-chunk-84-1.pdf Graphic file (type pdf)
<use analysis_files/figure-latex/unnamed-chunk-84-1.pdf>


[59]

[60]
File: analysis_files/figure-latex/unnamed-chunk-87-1.pdf Graphic file (type pdf)
<use analysis_files/figure-latex/unnamed-chunk-87-1.pdf>


[61]

[62]
File: analysis_files/figure-latex/unnamed-chunk-90-1.pdf Graphic file (type pdf)
<use analysis_files/figure-latex/unnamed-chunk-90-1.pdf>

Overfull \hbox (108.40353pt too wide) in paragraph at lines 2382--2382
 [] 
 []



[63]

[64]
File: analysis_files/figure-latex/unnamed-chunk-93-1.pdf Graphic file (type pdf)
<use analysis_files/figure-latex/unnamed-chunk-93-1.pdf>

Overfull \hbox (108.40353pt too wide) in paragraph at lines 2420--2420
 [] 
 []



[65]

[66]
File: analysis_files/figure-latex/unnamed-chunk-96-1.pdf Graphic file (type pdf)
<use analysis_files/figure-latex/unnamed-chunk-96-1.pdf>

Overfull \hbox (108.40353pt too wide) in paragraph at lines 2460--2460
 [] 
 []



[67]
File: analysis_files/figure-latex/unnamed-chunk-98-1.pdf Graphic file (type pdf)
<use analysis_files/figure-latex/unnamed-chunk-98-1.pdf>


[68]

[69]

[70]
File: analysis_files/figure-latex/unnamed-chunk-101-1.pdf Graphic file (type pdf)
<use analysis_files/figure-latex/unnamed-chunk-101-1.pdf>

Overfull \hbox (108.40353pt too wide) in paragraph at lines 2580--2580
 [] 
 []



[71]
File: analysis_files/figure-latex/unnamed-chunk-103-1.pdf Graphic file (type pdf)
<use analysis_files/figure-latex/unnamed-chunk-103-1.pdf>


[72]

[73]

[74]
File: analysis_files/figure-latex/unnamed-chunk-106-1.pdf Graphic file (type pdf)
<use analysis_files/figure-latex/unnamed-chunk-106-1.pdf>


[75]

[76]
File: analysis_files/figure-latex/unnamed-chunk-109-1.pdf Graphic file (type pdf)
<use analysis_files/figure-latex/unnamed-chunk-109-1.pdf>


[77]

[78] [79]

[80]
File: analysis_files/figure-latex/event_study_plot-1.pdf Graphic file (type pdf)
<use analysis_files/figure-latex/event_study_plot-1.pdf>


[81]

[82]
Overfull \hbox (44.74498pt too wide) in paragraph at lines 3117--3117
[]\TU/lmtt/m/n/10 ## |Year |Coefficient              | % Effect| 95% CI Lower| 95% CI Upper| t-value| p-value|Sig. |[] 
 []


Overfull \hbox (44.74498pt too wide) in paragraph at lines 3117--3117
[]\TU/lmtt/m/n/10 ## |:----|:------------------------|--------:|------------:|------------:|-------:|-------:|:----|[] 
 []


Overfull \hbox (44.74498pt too wide) in paragraph at lines 3117--3117
[]\TU/lmtt/m/n/10 ## |2024 |Intercept (Dem Pre)      |    5.325|        2.232|        8.418|   3.374|   0.001|***  |[] 
 []


Overfull \hbox (44.74498pt too wide) in paragraph at lines 3117--3117
[]\TU/lmtt/m/n/10 ## |2024 |Republican Effect        |   18.987|       14.694|       23.279|   8.670|   0.000|***  |[] 
 []


Overfull \hbox (44.74498pt too wide) in paragraph at lines 3117--3117
[]\TU/lmtt/m/n/10 ## |2024 |Post-Election Effect     |   -1.145|       -5.519|        3.229|  -0.513|   0.608|     |[] 
 []


Overfull \hbox (44.74498pt too wide) in paragraph at lines 3117--3117
[]\TU/lmtt/m/n/10 ## |2024 |Interaction (Rep × Post) |   -6.692|      -12.762|       -0.622|  -2.161|   0.031|*    |[] 
 []


Overfull \hbox (44.74498pt too wide) in paragraph at lines 3117--3117
[]\TU/lmtt/m/n/10 ## |2020 |Intercept (Dem Pre)      |   18.401|       15.104|       21.698|  10.940|   0.000|***  |[] 
 []


Overfull \hbox (44.74498pt too wide) in paragraph at lines 3117--3117
[]\TU/lmtt/m/n/10 ## |2020 |Republican Effect        |   17.822|       12.957|       22.686|   7.180|   0.000|***  |[] 
 []


Overfull \hbox (44.74498pt too wide) in paragraph at lines 3117--3117
[]\TU/lmtt/m/n/10 ## |2020 |Post-Election Effect     |   -9.982|      -14.645|       -5.320|  -4.197|   0.000|***  |[] 
 []


Overfull \hbox (44.74498pt too wide) in paragraph at lines 3117--3117
[]\TU/lmtt/m/n/10 ## |2020 |Interaction (Rep × Post) |   -3.746|      -10.626|        3.134|  -1.067|   0.286|     |[] 
 []



[83]
File: analysis_files/figure-latex/interaction_analysis-1.pdf Graphic file (type pdf)
<use analysis_files/figure-latex/interaction_analysis-1.pdf>


[84]
Overfull \hbox (13.24498pt too wide) in paragraph at lines 3222--3222
[]\TU/lmtt/m/n/10 ## BLAS:   /Library/Frameworks/R.framework/Versions/4.4-arm64/Resources/lib/libRblas.0.dylib[] 
 []


Overfull \hbox (139.24498pt too wide) in paragraph at lines 3222--3222
[]\TU/lmtt/m/n/10 ## LAPACK: /Library/Frameworks/R.framework/Versions/4.4-arm64/Resources/lib/libRlapack.dylib;  LAPACK version 3.12.0[] 
 []



[85] (./analysis.aux)
 ***********
LaTeX2e <2025-06-01> patch level 1
L3 programming layer <2025-09-02>
 ***********

LaTeX Warning: There were multiply-defined labels.

 ) 
Here is how much of TeX's memory you used:
 19285 strings out of 470405
 368100 string characters out of 5485322
 924788 words of memory out of 5000000
 47342 multiletter control sequences out of 15000+600000
 634246 words of font info for 90 fonts, out of 8000000 for 9000
 14 hyphenation exceptions out of 8191
 90i,11n,114p,513b,517s stack positions out of 10000i,1000n,20000p,200000b,200000s

Output written on analysis.pdf (85 pages).
